FRONTEND_CODE_RESULT={
  "currentUrl": "https://statlocker.gg/items/meta-model?min=500&mode=items-heroes&patch=patch_676255623445218601",
  "scriptCount": 12,
  "matchingScriptCount": 2,
  "matches": [
    {
      "url": "https://statlocker.gg/static/js/4914.58610374.chunk.js",
      "found": [
        {
          "needle": "vs-hero-wpa-data",
          "snippet": "(!0),N(null),void Fe().then(e=>{e&&x(e)}).catch(e=>{console.error(\"Error loading WPA data:\",e),N(e.message||\"Failed to load WPA data\")}).finally(()=>C(!1))),[Fe]),(0,r.useEffect)(()=>{\"t4-chains\"!==fe||y||fetch(\"\".concat((0,d.T)(),\"/api/info/t4-chains-data\"),{credentials:\"include\"}).then(e=>e.ok?e.json():null).then(e=>e&&S(e)).catch(e=>console.warn(\"T4 chains data not available:\",e))},[fe,y]),(0,r.useEffect)(()=>{\"counter-items\"!==Me&&\"lane-matchup\"!==je||b||fetch(\"\".concat((0,d.T)(),\"/api/info/vs-hero-wpa-data\"),{credentials:\"include\"}).then(e=>e.ok?e.json():null).then(e=>e&&w(e)).catch(e=>console.warn(\"Counter items data not available:\",e))},[Me,je,b]);const Ve=(0,r.useMemo)(()=>(0,h.JV)(Be),[Be]),Ue=(0,r.useMemo)(()=>((null===p||void 0===p?void 0:p.availablePatches)||[]).map(e=>{var t;const a=(0,h.vT)(e),s=Ve[a?(0,h.Dj)(e):(0,h.y4)(e)],r=(null===s||void 0===s?void 0:s.label)||(0,h.eH)(e);return{value:e,label:a?\"\".concat(r,\" (\").concat(a,\")\"):r,sortKey:a?null:null!==(t=null===s||void 0===s?void 0:s.sortKey)&&void 0!==t?t:null}}).sort(h.vy).map(e=>{let{value:t,label:a}=e;return{value:t,label:a}}),[p,Ve]),Xe=(0,r.useRef)(!1);(0,r.useEffect)(()=>{if(!Xe.current&&Ue.length>0){Xe.current=!0;new URLSearchParams(window.location.search).has(\"patch\")||K(Ue[0].value)}},[Ue]),(0,r.useEffect)(()=>{const e=g(a.pathname);ue(e)},[a.pathname]);const Ke=(0,r.useCallback)(e=>{const t=f.find(t="
        },
        {
          "needle": "wpa-filtered-items",
          "snippet": "ed\",\"true\"),l.set(\"currentGameTime\",String(r.currentGameTime||0)),l.set(\"timeWindow\",String(r.timeWindow||4))),r.maxItems&&l.set(\"maxItems\",String(r.maxItems)),r.selectedItem&&l.set(\"selectedItem\",r.selectedItem),l.toString()}({hero:B,tier:W,rank:k===u.tt?[u.tt]:E.length?E:[u.ev],category:H,gameState:I,purchaseTime:D,teamComp:O,buildType:V,patch:X,minSampleSize:$,searchTerm:te,sortBy:q,timeSyncEnabled:le,currentGameTime:ne,timeWindow:ce},e);try{const e=await fetch(\"\".concat((0,d.T)(),\"/api/info/wpa-filtered-items?\").concat(a),{credentials:\"include\",signal:t.signal});if(!e.ok)throw new Error(\"Failed to load WPA data\");return await e.json()}catch(r){if(\"AbortError\"===r.name)return null;throw r}},[B,W,k,E,H,I,D,O,V,X,$,te,q,le,ne,ce]),Oe=(0,r.useRef)(null),Ye=(0,r.useRef)(!1);(0,r.useEffect)(()=>Ye.current?(Oe.current&&clearTimeout(Oe.current),Oe.current=setTimeout(()=>{T(!0),Fe().then(e=>{e&&x(e)}).catch(e=>{console.error(\"Error loading WPA data:\",e),N(e.message||\"Failed to load WPA data\")}).finally(()=>T(!1))},300),()=>{Oe.current&&clearTimeout(Oe.current)}):(Ye.current=!0,C(!0),N(null),void Fe().then(e=>{e&&x(e)}).catch(e=>{console.error(\"Error loading WPA data:\",e),N(e.message||\"Failed to load WPA data\")}).finally(()=>C(!1))),[Fe]),(0,r.useEffect)(()=>{\"t4-chains\"!==fe||y||fetch(\"\".concat((0,d.T)(),\"/api/info/t4-chains-data\"),{credentials:\"include\"}).then(e=>e.ok?e.json():null"
        },
        {
          "needle": "items-heroes",
          "snippet": "r(\"popstate\",e),()=>window.removeEventListener(\"popstate\",e)},[]),{searchParams:a}}var o=a(62961),c=a(28520),d=a(96451),h=a(50402),u=a(19605),m=a(44414);const p=\"/items/meta-model\",f=[{id:\"build\",label:\"Items\",path:\"\".concat(p,\"/build\")},{id:\"draft\",label:\"Draft\",path:\"\".concat(p,\"/draft\")},{id:\"meta\",label:\"Meta\",path:\"\".concat(p,\"/meta\")},{id:\"retiring\",label:\"Retiring\",path:\"\".concat(p,\"/retiring\")}],x=\"build\",g=e=>{const t=t=>e.startsWith(\"\".concat(p,\"/\").concat(t));if(t(\"heroes-items\")||t(\"items-heroes\"))return\"draft\";if(t(\"purchase-time\")||t(\"ahead-behind\"))return\"build\";if(t(\"graph\"))return\"build\";if(t(\"tier-lists\"))return\"draft\";if(t(\"lane-matchup\"))return\"draft\";if(t(\"comparison\"))return\"meta\";for(const a of f)if(e.startsWith(a.path))return a.id;return e===p||\"\".concat(p,\"/\"),x},v=(0,r.createContext)(null),y=e=>{let{children:t}=e;const a=(0,l.zy)(),i=(0,l.Zp)(),[p,x]=(0,r.useState)(null),[y,S]=(0,r.useState)(null),[b,w]=(0,r.useState)(null),[j,C]=(0,r.useState)(!0),[M,T]=(0,r.useState)(!1),[A,N]=(0,r.useState)(null),[W,P]=(0,r.useState)(\"all\"),[k,z]=(0,r.useState)(u.ev),[E,R]=(0,r.useState)([]),[B,G]=(0,r.useState)(\"all\"),[H,_]=(0,r.useState)(\"all\"),[I,L]=(0,r.useState)(\"all\"),[D,F]=(0,r.useState)(\"all\"),[O,Y]=(0,r.useState)(\"Average Comp\"),[V,U]=(0,r.useState)(\"all\"),[X,K]=(0,r.useState)(\"all\"),[q,Q]=(0,r.useState)(\"wpa\"),[Z,J]=(0,r.useState)(!0),[$,ee]=(0,r.useState)"
        },
        {
          "needle": "teamComp",
          "snippet": "value===k))||void 0===u?void 0:u.label)||\"All\"})]}),(0,h.jsx)(\"span\",{className:\"dropdown-arrow\",children:\"category\"===K?\"\\u25b2\":\"\\u25bc\"})]}),\"category\"===K&&(0,h.jsx)(\"div\",{className:\"dropdown-menu\",children:re.map(e=>(0,h.jsx)(\"div\",{className:\"dropdown-item\",onClick:()=>oe(z,e.value),children:e.label},e.value))})]})}),(0,h.jsx)(\"div\",{className:\"wpa-filter-group\",children:(0,h.jsxs)(\"div\",{className:\"filter-dropdown\",children:[(0,h.jsxs)(\"div\",{className:\"dropdown-trigger\",onClick:()=>ne(\"teamComp\"),children:[(0,h.jsxs)(\"span\",{children:[\"Comp: \",(0,h.jsx)(\"span\",{className:\"filter-value\",children:E})]}),(0,h.jsx)(\"span\",{className:\"dropdown-arrow\",children:\"teamComp\"===K?\"\\u25b2\":\"\\u25bc\"})]}),\"teamComp\"===K&&(0,h.jsx)(\"div\",{className:\"dropdown-menu\",children:[\"Average Comp\",\"Spirit Heavy\",\"Gun Heavy\"].map(e=>(0,h.jsx)(\"div\",{className:\"dropdown-item\",onClick:()=>oe(R,e),children:e},e))})]})})]}),(0,h.jsxs)(\"div\",{className:\"wpa-graph-action-controls\",children:[(0,h.jsx)(\"button\",{className:\"wpa-zoom-btn\",onClick:()=>O(Math.min(1.2*F,3)),title:\"Zoom In\",children:(0,h.jsxs)(\"svg\",{width:\"20\",height:\"20\",viewBox:\"0 0 24 24\",fill:\"currentColor\",children:[(0,h.jsx)(\"path\",{d:\"M15.5 14h-.79l-.28-.27C15.41 12.59 16 11.11 16 9.5 16 5.91 13.09 3 9.5 3S3 5.91 3 9.5 5.91 16 9.5 16c1.61 0 3.09-.59 4.23-1.57l.27.28v.79l5 4.99L20.49 19l-4.99-5zm-6 0C7.01 14 5 11.99 5 9.5S7.01 5 9.5 "
        }
      ]
    },
    {
      "url": "https://statlocker.gg/static/js/524.d6c66927.chunk.js",
      "found": [
        {
          "needle": "wpa-filtered-items",
          "snippet": "ler;k.current=e;const a=(e=>{const a=new URLSearchParams;return Object.entries(e).forEach(e=>{let[t,s]=e;void 0!==s&&null!==s&&(Array.isArray(s)?a.set(t,s.join(\",\")):a.set(t,String(s)))}),a.toString()})({hero:\"all\",tier:Array.isArray(i)?i.join(\",\"):i,rank:Array.isArray(r)?r.join(\",\")||o.ev:r,category:c,gameState:d,purchaseTime:m,teamComp:p,buildType:h,patch:\"all\",minSampleSize:v,searchTerm:\"\",sortBy:u,timeSyncEnabled:b,currentGameTime:y,timeWindow:j});return fetch(\"\".concat((0,V.T)(),\"/api/info/wpa-filtered-items?\").concat(a),{credentials:\"include\",signal:e.signal}).then(e=>e.ok?e.json():null).then(e=>{if(null===e||void 0===e||!e.items)return void S(null);const a=e.items.find(e=>e.item===g);if(null===a||void 0===a||!a.heroData)return void S(null);const t=a.cost||6400;let s=a.heroData.map(e=>{const s=e.wpaValue,l=s>=0?s*(6400/t):s;return{heroName:e.heroName,heroId:e.heroName,wpaValue:s,gameStateWpa:s,costRelativeWpa:l,gameStateCostRelativeWpa:l,sampleSize:e.sampleSize,sample_size:e.sampleSize,item:a.item,cost:a.cost}});if(v>0&&(s=s.filter(e=>e.sampleSize>=v)),x&&\"\"!==x.trim()){const e=x.toLowerCase().trim();s=s.filter(a=>{var t;return((null===(t=a.heroName)||void 0===t?void 0:t.toLowerCase())||\"\").includes(e)})}const l=ke(s,u);l.sort((e,a)=>{var t,s,l,n;return\"cost_relative_wpa\"===u?(null!==(l=a.costRelativeWpa)&&void 0!==l?l:0)-(null!==(n=e.costRelativeWpa)&&void 0!==n?n:0):(nu"
        },
        {
          "needle": "heroData",
          "snippet": "t(s,\")\"):\"\",\":\"),value:\"\".concat((100*p).toFixed(2),\"%\")}),(0,c.jsx)(d,{label:\"Cost Relative WPA:\",value:\"\".concat((100*h).toFixed(2),\"%\")}),(0,c.jsx)(d,{label:\"Tier:\",value:a.cluster||a.tier}),(0,c.jsx)(d,{label:\"Hero:\",value:(0,o.Jd)(a.heroName)}),(0,c.jsx)(d,{label:\"Cost:\",value:a.cost}),(0,c.jsx)(d,{label:\"Samples:\",value:a.sampleSize||a.sample_size||\"N/A\"}),(0,c.jsx)(d,{label:\"Avg Purchase Time:\",value:a.mean_purchase_time_min?\"\".concat(a.mean_purchase_time_min.toFixed(1),\" min\"):\"N/A\"}),a.heroData&&a.heroData.length>1&&(0,c.jsx)(d,{label:\"Heroes:\",value:a.heroData.length})]})]})})]})},p=e=>{let{tier:a,items:t,allItems:s,selectedGameState:l,onItemClick:n,sortBy:i}=e;const o=Array.isArray(t)?t:[];return(0,c.jsx)(r.ZJ,{tier:a,children:0===o.length?(0,c.jsx)(\"div\",{className:\"wpa-empty-tier\",children:\"No items in this tier\"}):o.map((e,a)=>(0,c.jsx)(m,{item:e,allItems:s,selectedGameState:l,onClick:()=>n(e),sortBy:i},\"\".concat(e.item,\"-\").concat(e.heroName,\"-\").concat(a)))})};var h=t(28520),u=t(62962),v=t(57970);t(50971);const x=[\"itemNames\",\"selectedItemName\",\"onItemChange\",\"disabled\",\"allowEmpty\",\"emptyLabel\",\"customDropdownLabel\",\"searchable\",\"enableSmartPositioning\",\"zIndex\"],g=e=>{let{itemNames:a,selectedItemName:t,onItemChange:i,disabled:r=!1,allowEmpty:o=!0,emptyLabel:d=\"All Items\",customDropdownLabel:m=\"Item: \",searchable:p=!0,enableSmartPositioning:u=!1,zIndex:g=null}="
        },
        {
          "needle": "Items to Heroes",
          "snippet": "buyTime)&&void 0!==s?s:1/0)})});return[1,2,3,4].filter(e=>s[e].length>0).length<2?null:s},[a,w,l])}}const Ae=[\"viewMode\",\"subTab\"],We=()=>(0,c.jsx)(\"span\",{className:\"wpa-beta-badge\",children:\"BETA\"}),Te=\"(max-width: 768px)\",Me=[{id:\"purchase-time\",label:\"Purchase Time\",viewMode:\"build\",subTab:\"purchase-time\"},{id:\"ahead-behind\",label:\"Comeback/Win-More\",viewMode:\"build\",subTab:\"ahead-behind\"},{id:\"t4-chains\",label:\"T4 Build Chains\",viewMode:\"build\",subTab:\"t4-chains\"},{id:\"items-heroes\",label:\"Items to Heroes\",viewMode:\"draft\",subTab:\"items-heroes\"},...\"undefined\"!==typeof window&&[\"localhost\",\"127.0.0.1\"].includes(window.location.hostname)?[{id:\"lane-matchup\",label:(0,c.jsxs)(c.Fragment,{children:[(0,c.jsx)(\"span\",{children:\"Lane Matchup\"}),\" \",(0,c.jsx)(We,{})]}),beta:!0,viewMode:\"draft\",subTab:\"lane-matchup\",disabledCondition:e=>!e.hasBetaAccess},{id:\"team-comp\",label:\"Enemy Team Comp\",comingSoon:!0,viewMode:\"draft\",subTab:\"team-comp\"}]:[],{id:\"meta\",label:(0,c.jsxs)(c.Fragment,{children:[(0,c.jsx)(\"span\",{children:\"Patch Changes\"}),\" \",(0,c.jsx)(We,{})]}),beta:!0,viewMode:\"meta\"}],Ie=(e,a,t)=>{var s;const l=\"build\"===e?a:\"draft\"===e?t:null,n=Me.find(a=>a.viewMode===e&&(null==a.subTab||a.subTab===l));return null!==(s=null===n||void 0===n?void 0:n.id)&&void 0!==s?s:Me[0].id},Ee=()=>{const{filteredData:e,fetchWpaItems:a,wpaData:t,patchFilteredWpaData:r,t4ChainsData:o,vsHeroWp"
        },
        {
          "needle": "items-heroes",
          "snippet": "l:\"All Tiers\"},...[1,2,3,4].map(e=>({value:[String(e)],label:\"Tier \".concat(e)}))],sa=(0,n.useMemo)(()=>xe.map(e=>({value:e,label:(0,o.Ox)(e)})),[xe]),la=[2,3,4,5,6].map(e=>({value:e,label:\"\\xb1\".concat(e,\" minutes\")}));return(0,c.jsxs)(\"div\",{className:\"wpa-filters\",ref:Ie,children:[(0,c.jsxs)(j.A,{className:\"wpa-basic-filters\",align:\"end\",children:[\"build\"===$&&(0,c.jsx)(u.A,{heroes:De,selectedHeroId:Oe,onHeroChange:e=>{const a=Re(e);S(a)},allowEmpty:!0,emptyLabel:\"All Heroes\"}),\"draft\"===$&&\"items-heroes\"===ne&&(0,c.jsx)(g,{itemNames:te||[],selectedItemName:ee,onItemChange:e=>Ue(ae,e,\"item\"),allowEmpty:!1,customDropdownLabel:\"\",searchable:!0}),!(\"draft\"===$&&\"team-comp\"===ne)&&(0,c.jsx)(b.A,{isOpen:\"buildType\"===ye,onToggle:()=>Ye(\"buildType\"),options:He,onSelect:e=>Ue(L,e,\"buildType\"),renderTrigger:e=>(0,c.jsxs)(c.Fragment,{children:[(0,c.jsxs)(\"span\",{className:\"build-type-trigger\",children:[aa(Ge),(0,c.jsx)(\"span\",{className:\"build-type-label build-type-label-\".concat(Ge.value),children:Ge.label})]}),(0,c.jsx)(\"span\",{className:\"dropdown-arrow\",children:e?\"\\u25b2\":\"\\u25bc\"})]}),renderOption:e=>(0,c.jsxs)(c.Fragment,{children:[aa(e),(0,c.jsx)(\"span\",{className:\"build-type-label build-type-label-\".concat(e.value),children:e.label})]}),menuClassName:\"build-type-dropdown-menu\"}),\"t4-chains\"!==le&&(0,c.jsx)(b.A,{label:\"Queue\",value:(null===(a=o._6.find(e=>e.value===D))||void 0"
        },
        {
          "needle": "teamComp",
          "snippet": "ms:a,searchTerm:t,selectedHero:s,selectedGameState:l,selectedTier:i,selectedRank:r,selectedCategory:o,selectedPurchaseTime:d,selectedTeamComp:m,selectedBuildType:p,allItems:h,setSelectedHero:u,setSelectedTier:v,setSelectedRank:x,setSelectedCategory:g,setSelectedTeamComp:b,minSampleSize:y,setMinSampleSize:j,sortBy:w,setSortBy:f,setSearchTerm:N}=e;const[_,S]=(0,n.useState)([]),k=(0,n.useRef)(0);(0,n.useEffect)(()=>{if(!a)return;const e=++k.current;(async()=>{try{const[t,s,l]=await Promise.all([a({teamComp:\"Spirit Heavy\"}),a({teamComp:\"Average Comp\"}),a({teamComp:\"Gun Heavy\"})]);if(e!==k.current)return;const n=t.items,i=s.items,r=l.items,o=new Map;n.forEach(e=>{o.has(e.item)||o.set(e.item,{name:e.item,heroName:e.heroName});const a=\"cost_relative_wpa\"===w?e.costRelativeWpa:e.wpaValue;o.get(e.item).spiritHeavyWpa=a,o.get(e.item).spiritHeavyOriginalWpa=e.wpaValue,o.get(e.item).spiritHeavyCostRelativeWpa=e.costRelativeWpa,o.get(e.item).spiritHeavyMatches=e.sampleSize}),i.forEach(e=>{o.has(e.item)||o.set(e.item,{name:e.item,heroName:e.heroName});const a=\"cost_relative_wpa\"===w?e.costRelativeWpa:e.wpaValue;o.get(e.item).averageCompWpa=a,o.get(e.item).averageCompOriginalWpa=e.wpaValue,o.get(e.item).averageCompCostRelativeWpa=e.costRelativeWpa,o.get(e.item).averageCompMatches=e.sampleSize,o.get(e.item).mean_prob_before=e.mean_prob_before,o.get(e.item).mean_net_worth_before=e.mean_net_wort"
        }
      ]
    }
  ]
}
